
> resume-customizer@0.0.0 test
> vitest run


[1m[46m RUN [49m[22m [36mv4.0.17 [39m[90mC:/Users/NoteBook Pc/Desktop/resume-customizer[39m

[90mstdout[2m | src/__tests__/OptimizeSection.test.jsx[2m > [22m[2mOptimizeSection[2m > [22m[2mRendering[2m > [22m[2mrenders the section title
[22m[39m[OptimizeSection] Cache lookup: {
  hasResumeText: [33mfalse[39m,
  hasJobDescription: [33mfalse[39m,
  cachedScore: [90mundefined[39m,
  fallbackScore: [1mnull[22m
}

[90mstdout[2m | src/__tests__/OptimizeSection.test.jsx[2m > [22m[2mOptimizeSection[2m > [22m[2mRendering[2m > [22m[2mrenders the optimize button
[22m[39m[OptimizeSection] Cache lookup: {
  hasResumeText: [33mfalse[39m,
  hasJobDescription: [33mfalse[39m,
  cachedScore: [90mundefined[39m,
  fallbackScore: [1mnull[22m
}

[90mstdout[2m | src/__tests__/OptimizeSection.test.jsx[2m > [22m[2mOptimizeSection[2m > [22m[2mRendering[2m > [22m[2mrenders view mode toggle (Split and Diff)
[22m[39m[OptimizeSection] Cache lookup: {
  hasResumeText: [33mfalse[39m,
  hasJobDescription: [33mfalse[39m,
  cachedScore: [90mundefined[39m,
  fallbackScore: [1mnull[22m
}

[90mstdout[2m | src/__tests__/OptimizeSection.test.jsx[2m > [22m[2mOptimizeSection[2m > [22m[2mRendering[2m > [22m[2mrenders section filter tabs
[22m[39m[OptimizeSection] Cache lookup: {
  hasResumeText: [33mfalse[39m,
  hasJobDescription: [33mfalse[39m,
  cachedScore: [90mundefined[39m,
  fallbackScore: [1mnull[22m
}

[90mstdout[2m | src/__tests__/OptimizeSection.test.jsx[2m > [22m[2mOptimizeSection[2m > [22m[2mRendering[2m > [22m[2mrenders keyword strategy section
[22m[39m[OptimizeSection] Cache lookup: {
  hasResumeText: [33mfalse[39m,
  hasJobDescription: [33mfalse[39m,
  cachedScore: [90mundefined[39m,
  fallbackScore: [1mnull[22m
}

[90mstdout[2m | src/__tests__/OptimizeSection.test.jsx[2m > [22m[2mOptimizeSection[2m > [22m[2mRendering[2m > [22m[2mshows empty state when no optimizations
[22m[39m[OptimizeSection] Cache lookup: {
  hasResumeText: [33mfalse[39m,
  hasJobDescription: [33mfalse[39m,
  cachedScore: [90mundefined[39m,
  fallbackScore: [1mnull[22m
}

[90mstdout[2m | src/__tests__/OptimizeSection.test.jsx[2m > [22m[2mOptimizeSection[2m > [22m[2mResume Requirement[2m > [22m[2mshows warning when no resume is uploaded
[22m[39m[OptimizeSection] Cache lookup: {
  hasResumeText: [33mfalse[39m,
  hasJobDescription: [33mfalse[39m,
  cachedScore: [90mundefined[39m,
  fallbackScore: [1mnull[22m
}

[90mstdout[2m | src/__tests__/OptimizeSection.test.jsx[2m > [22m[2mOptimizeSection[2m > [22m[2mResume Requirement[2m > [22m[2mdisables optimize button when no resume
[22m[39m[OptimizeSection] Cache lookup: {
  hasResumeText: [33mfalse[39m,
  hasJobDescription: [33mfalse[39m,
  cachedScore: [90mundefined[39m,
  fallbackScore: [1mnull[22m
}

[90mstdout[2m | src/__tests__/OptimizeSection.test.jsx[2m > [22m[2mOptimizeSection[2m > [22m[2mResume Requirement[2m > [22m[2menables optimize button when resume exists
[22m[39m[OptimizeSection] Cache lookup: {
  hasResumeText: [33mfalse[39m,
  hasJobDescription: [33mfalse[39m,
  cachedScore: [90mundefined[39m,
  fallbackScore: [1mnull[22m
}

[90mstdout[2m | src/__tests__/OptimizeSection.test.jsx[2m > [22m[2mOptimizeSection[2m > [22m[2mKeywords Display[2m > [22m[2mdisplays "add" keywords when available
[22m[39m[OptimizeSection] Cache lookup: {
  hasResumeText: [33mfalse[39m,
  hasJobDescription: [33mfalse[39m,
  cachedScore: [90mundefined[39m,
  fallbackScore: [1mnull[22m
}

[90mstdout[2m | src/__tests__/OptimizeSection.test.jsx[2m > [22m[2mOptimizeSection[2m > [22m[2mKeywords Display[2m > [22m[2mdisplays "keep" keywords when available
[22m[39m[OptimizeSection] Cache lookup: {
  hasResumeText: [33mfalse[39m,
  hasJobDescription: [33mfalse[39m,
  cachedScore: [90mundefined[39m,
  fallbackScore: [1mnull[22m
}

[90mstdout[2m | src/__tests__/OptimizeSection.test.jsx[2m > [22m[2mOptimizeSection[2m > [22m[2mKeywords Display[2m > [22m[2mdisplays "deemphasize" keywords when available
[22m[39m[OptimizeSection] Cache lookup: {
  hasResumeText: [33mfalse[39m,
  hasJobDescription: [33mfalse[39m,
  cachedScore: [90mundefined[39m,
  fallbackScore: [1mnull[22m
}

[90mstdout[2m | src/__tests__/OptimizeSection.test.jsx[2m > [22m[2mOptimizeSection[2m > [22m[2mKeywords Display[2m > [22m[2mshows empty state when keyword bucket is empty
[22m[39m[OptimizeSection] Cache lookup: {
  hasResumeText: [33mfalse[39m,
  hasJobDescription: [33mfalse[39m,
  cachedScore: [90mundefined[39m,
  fallbackScore: [1mnull[22m
}

[90mstdout[2m | src/__tests__/OptimizeSection.test.jsx[2m > [22m[2mOptimizeSection[2m > [22m[2mKeywords Display[2m > [22m[2muses props keywords when store keywords are empty
[22m[39m[OptimizeSection] Cache lookup: {
  hasResumeText: [33mfalse[39m,
  hasJobDescription: [33mfalse[39m,
  cachedScore: [90mundefined[39m,
  fallbackScore: [1mnull[22m
}

[90mstdout[2m | src/__tests__/OptimizeSection.test.jsx[2m > [22m[2mOptimizeSection[2m > [22m[2mOptimization Cards Display[2m > [22m[2mdisplays optimization cards when available
[22m[39m[OptimizeSection] Cache lookup: {
  hasResumeText: [33mfalse[39m,
  hasJobDescription: [33mfalse[39m,
  cachedScore: [90mundefined[39m,
  fallbackScore: [1mnull[22m
}

[90mstdout[2m | src/__tests__/OptimizeSection.test.jsx[2m > [22m[2mOptimizeSection[2m > [22m[2mOptimization Cards Display[2m > [22m[2mshows applied badge when optimization is applied
[22m[39m[OptimizeSection] Cache lookup: {
  hasResumeText: [33mfalse[39m,
  hasJobDescription: [33mfalse[39m,
  cachedScore: [90mundefined[39m,
  fallbackScore: [1mnull[22m
}

[90mstdout[2m | src/__tests__/OptimizeSection.test.jsx[2m > [22m[2mOptimizeSection[2m > [22m[2mOptimization Cards Display[2m > [22m[2mshows pending badge when optimization is not applied
[22m[39m[OptimizeSection] Cache lookup: {
  hasResumeText: [33mfalse[39m,
  hasJobDescription: [33mfalse[39m,
  cachedScore: [90mundefined[39m,
  fallbackScore: [1mnull[22m
}

[90mstdout[2m | src/__tests__/OptimizeSection.test.jsx[2m > [22m[2mOptimizeSection[2m > [22m[2mOptimization Cards Display[2m > [22m[2mdisplays applied count correctly
[22m[39m[OptimizeSection] Cache lookup: {
  hasResumeText: [33mfalse[39m,
  hasJobDescription: [33mfalse[39m,
  cachedScore: [90mundefined[39m,
  fallbackScore: [1mnull[22m
}

[90mstdout[2m | src/__tests__/OptimizeSection.test.jsx[2m > [22m[2mOptimizeSection[2m > [22m[2mSection Filtering[2m > [22m[2mfilters optimizations by section type
[22m[39m[OptimizeSection] Cache lookup: {
  hasResumeText: [33mfalse[39m,
  hasJobDescription: [33mfalse[39m,
  cachedScore: [90mundefined[39m,
  fallbackScore: [1mnull[22m
}

[90mstderr[2m | src/__tests__/MainContent.test.jsx[2m > [22m[2mMainContent resume parsing[2m > [22m[2mpasses upload payloads through parseResume with storage metadata
[22m[39mreact-i18next:: useTranslation: You will need to pass in an i18next instance by using initReactI18next { code: [32m'NO_I18NEXT_INSTANCE'[39m }

[90mstdout[2m | src/__tests__/OptimizeSection.test.jsx[2m > [22m[2mOptimizeSection[2m > [22m[2mSection Filtering[2m > [22m[2mshows all optimizations when "All Sections" is selected
[22m[39m[OptimizeSection] Cache lookup: {
  hasResumeText: [33mfalse[39m,
  hasJobDescription: [33mfalse[39m,
  cachedScore: [90mundefined[39m,
  fallbackScore: [1mnull[22m
}

[90mstdout[2m | src/__tests__/OptimizeSection.test.jsx[2m > [22m[2mOptimizeSection[2m > [22m[2mView Mode Toggle[2m > [22m[2mtoggles between split and diff view modes
[22m[39m[OptimizeSection] Cache lookup: {
  hasResumeText: [33mfalse[39m,
  hasJobDescription: [33mfalse[39m,
  cachedScore: [90mundefined[39m,
  fallbackScore: [1mnull[22m
}

[90mstdout[2m | src/__tests__/OptimizeSection.test.jsx[2m > [22m[2mOptimizeSection[2m > [22m[2mApply/Revert Actions[2m > [22m[2mcalls applyOptimization when card Apply button is clicked
[22m[39m[OptimizeSection] Cache lookup: {
  hasResumeText: [33mfalse[39m,
  hasJobDescription: [33mfalse[39m,
  cachedScore: [90mundefined[39m,
  fallbackScore: [1mnull[22m
}

[90mstdout[2m | src/__tests__/OptimizeSection.test.jsx[2m > [22m[2mOptimizeSection[2m > [22m[2mApply/Revert Actions[2m > [22m[2mhas no per-card revert button - only Revert All is available
[22m[39m[OptimizeSection] Cache lookup: {
  hasResumeText: [33mfalse[39m,
  hasJobDescription: [33mfalse[39m,
  cachedScore: [90mundefined[39m,
  fallbackScore: [1mnull[22m
}

 [32m✓[39m src/__tests__/TemplatesSection.test.jsx [2m([22m[2m21 tests[22m[2m)[22m[33m 3442[2mms[22m[39m
       [33m[2m✓[22m[39m renders the template gallery with selected template name [33m 582[2mms[22m[39m
[90mstdout[2m | src/__tests__/OptimizeSection.test.jsx[2m > [22m[2mOptimizeSection[2m > [22m[2mApply/Revert Actions[2m > [22m[2mcalls applyAllOptimizations when Apply All is clicked
[22m[39m[OptimizeSection] Cache lookup: {
  hasResumeText: [33mfalse[39m,
  hasJobDescription: [33mfalse[39m,
  cachedScore: [90mundefined[39m,
  fallbackScore: [1mnull[22m
}

 [31m❯[39m src/__tests__/MainContent.test.jsx [2m([22m[2m3 tests[22m[2m | [22m[31m1 failed[39m[2m)[22m[33m 1383[2mms[22m[39m
     [33m[2m✓[22m[39m passes upload payloads through parseResume with storage metadata [33m 708[2mms[22m[39m
     [32m✓[39m supports text payloads[32m 260[2mms[22m[39m
[31m     [31m×[31m persists resume data with minor control characters (relaxed validation)[39m[33m 408[2mms[22m[39m
[90mstdout[2m | src/__tests__/OptimizeSection.test.jsx[2m > [22m[2mOptimizeSection[2m > [22m[2mApply/Revert Actions[2m > [22m[2mcalls revertAllOptimizations when Revert is clicked
[22m[39m[OptimizeSection] Cache lookup: {
  hasResumeText: [33mfalse[39m,
  hasJobDescription: [33mfalse[39m,
  cachedScore: [90mundefined[39m,
  fallbackScore: [1mnull[22m
}

[90mstdout[2m | src/__tests__/OptimizeSection.test.jsx[2m > [22m[2mOptimizeSection[2m > [22m[2mClear Functionality[2m > [22m[2mcalls onClear prop when clear button is clicked
[22m[39m[OptimizeSection] Cache lookup: {
  hasResumeText: [33mfalse[39m,
  hasJobDescription: [33mfalse[39m,
  cachedScore: [90mundefined[39m,
  fallbackScore: [1mnull[22m
}

[90mstdout[2m | src/__tests__/OptimizeSection.test.jsx[2m > [22m[2mOptimizeSection[2m > [22m[2mClear Functionality[2m > [22m[2mclears optimizations via store when onClear prop not provided
[22m[39m[OptimizeSection] Cache lookup: {
  hasResumeText: [33mfalse[39m,
  hasJobDescription: [33mfalse[39m,
  cachedScore: [90mundefined[39m,
  fallbackScore: [1mnull[22m
}

[90mstdout[2m | src/__tests__/OptimizeSection.test.jsx[2m > [22m[2mOptimizeSection[2m > [22m[2mAPI Integration[2m > [22m[2mcalls optimize API when generate button is clicked
[22m[39m[OptimizeSection] Cache lookup: {
  hasResumeText: [33mtrue[39m,
  hasJobDescription: [33mfalse[39m,
  cachedScore: [90mundefined[39m,
  fallbackScore: [1mnull[22m
}

[90mstdout[2m | src/__tests__/OptimizeSection.test.jsx[2m > [22m[2mOptimizeSection[2m > [22m[2mAPI Integration[2m > [22m[2mhandles API error gracefully (button becomes non-loading)
[22m[39m[OptimizeSection] Cache lookup: {
  hasResumeText: [33mtrue[39m,
  hasJobDescription: [33mfalse[39m,
  cachedScore: [90mundefined[39m,
  fallbackScore: [1mnull[22m
}

[90mstderr[2m | src/__tests__/OptimizeSection.test.jsx[2m > [22m[2mOptimizeSection[2m > [22m[2mAPI Integration[2m > [22m[2mhandles API error gracefully (button becomes non-loading)
[22m[39mOptimization error: Error: Network error
    at C:/Users/NoteBook Pc/Desktop/resume-customizer/src/__tests__/OptimizeSection.test.jsx:588:48
    at [90mfile:///C:/Users/NoteBook%20Pc/Desktop/resume-customizer/[39mnode_modules/[4m@vitest/runner[24m/dist/index.js:145:11
    at [90mfile:///C:/Users/NoteBook%20Pc/Desktop/resume-customizer/[39mnode_modules/[4m@vitest/runner[24m/dist/index.js:915:26
    at [90mfile:///C:/Users/NoteBook%20Pc/Desktop/resume-customizer/[39mnode_modules/[4m@vitest/runner[24m/dist/index.js:1243:20
    at new Promise (<anonymous>)
    at runWithTimeout [90m(file:///C:/Users/NoteBook%20Pc/Desktop/resume-customizer/[39mnode_modules/[4m@vitest/runner[24m/dist/index.js:1209:10[90m)[39m
    at [90mfile:///C:/Users/NoteBook%20Pc/Desktop/resume-customizer/[39mnode_modules/[4m@vitest/runner[24m/dist/index.js:1653:37
    at Traces.$ [90m(file:///C:/Users/NoteBook%20Pc/Desktop/resume-customizer/[39mnode_modules/[4mvitest[24m/dist/chunks/traces.CCmnQaNT.js:142:27[90m)[39m
    at trace [90m(file:///C:/Users/NoteBook%20Pc/Desktop/resume-customizer/[39mnode_modules/[4mvitest[24m/dist/chunks/test.B8ej_ZHS.js:239:21[90m)[39m
    at runTest [90m(file:///C:/Users/NoteBook%20Pc/Desktop/resume-customizer/[39mnode_modules/[4m@vitest/runner[24m/dist/index.js:1653:12[90m)[39m

[90mstdout[2m | src/__tests__/OptimizeSection.test.jsx[2m > [22m[2mOptimizeSection[2m > [22m[2mCard Expansion[2m > [22m[2mtoggles card expansion when chevron is clicked
[22m[39m[OptimizeSection] Cache lookup: {
  hasResumeText: [33mfalse[39m,
  hasJobDescription: [33mfalse[39m,
  cachedScore: [90mundefined[39m,
  fallbackScore: [1mnull[22m
}

[90mstdout[2m | src/__tests__/OptimizeSection.test.jsx[2m > [22m[2mOptimizeSection[2m > [22m[2mCompare Mode[2m > [22m[2mshows compare view when compare button is clicked
[22m[39m[OptimizeSection] Cache lookup: {
  hasResumeText: [33mfalse[39m,
  hasJobDescription: [33mfalse[39m,
  cachedScore: [90mundefined[39m,
  fallbackScore: [1mnull[22m
}

[90mstdout[2m | src/__tests__/OptimizeSection.test.jsx[2m > [22m[2mOptimizeSection[2m > [22m[2mAccessibility[2m > [22m[2mall interactive elements are accessible via keyboard
[22m[39m[OptimizeSection] Cache lookup: {
  hasResumeText: [33mfalse[39m,
  hasJobDescription: [33mfalse[39m,
  cachedScore: [90mundefined[39m,
  fallbackScore: [1mnull[22m
}

[90mstdout[2m | src/__tests__/OptimizeSection.test.jsx[2m > [22m[2mOptimizeSection[2m > [22m[2mAccessibility[2m > [22m[2msection tabs are keyboard navigable
[22m[39m[OptimizeSection] Cache lookup: {
  hasResumeText: [33mfalse[39m,
  hasJobDescription: [33mfalse[39m,
  cachedScore: [90mundefined[39m,
  fallbackScore: [1mnull[22m
}

[90mstdout[2m | src/__tests__/OptimizeSection.test.jsx[2m > [22m[2mOptimizeSection[2m > [22m[2mRTL Support[2m > [22m[2mrenders correctly with RTL direction
[22m[39m[OptimizeSection] Cache lookup: {
  hasResumeText: [33mfalse[39m,
  hasJobDescription: [33mfalse[39m,
  cachedScore: [90mundefined[39m,
  fallbackScore: [1mnull[22m
}

[90mstdout[2m | src/__tests__/OptimizeSection.test.jsx[2m > [22m[2mOptimizeSection[2m > [22m[2mImpact Summary[2m > [22m[2mdoes not show impact summary on initial load with existing optimizations
[22m[39m[OptimizeSection] Cache lookup: {
  hasResumeText: [33mfalse[39m,
  hasJobDescription: [33mfalse[39m,
  cachedScore: [90mundefined[39m,
  fallbackScore: [1mnull[22m
}

[90mstdout[2m | src/__tests__/OptimizeSection.test.jsx[2m > [22m[2mOptimization Card Types[2m > [22m[2mdisplays headline optimization correctly
[22m[39m[OptimizeSection] Cache lookup: {
  hasResumeText: [33mfalse[39m,
  hasJobDescription: [33mfalse[39m,
  cachedScore: [90mundefined[39m,
  fallbackScore: [1mnull[22m
}

[90mstdout[2m | src/__tests__/OptimizeSection.test.jsx[2m > [22m[2mOptimization Card Types[2m > [22m[2mdisplays experience optimization with index
[22m[39m[OptimizeSection] Cache lookup: {
  hasResumeText: [33mfalse[39m,
  hasJobDescription: [33mfalse[39m,
  cachedScore: [90mundefined[39m,
  fallbackScore: [1mnull[22m
}

[90mstdout[2m | src/__tests__/OptimizeSection.test.jsx[2m > [22m[2mOptimization Card Types[2m > [22m[2mdisplays skills optimization with info tooltip
[22m[39m[OptimizeSection] Cache lookup: {
  hasResumeText: [33mfalse[39m,
  hasJobDescription: [33mfalse[39m,
  cachedScore: [90mundefined[39m,
  fallbackScore: [1mnull[22m
}

 [32m✓[39m src/__tests__/OptimizeSection.test.jsx [2m([22m[2m38 tests[22m[2m)[22m[33m 6059[2mms[22m[39m
       [33m[2m✓[22m[39m renders the section title [33m 399[2mms[22m[39m
       [33m[2m✓[22m[39m shows all optimizations when "All Sections" is selected [33m 370[2mms[22m[39m
       [33m[2m✓[22m[39m calls applyAllOptimizations when Apply All is clicked [33m 301[2mms[22m[39m
[90mstderr[2m | netlify/functions/__tests__/ai-integration.test.ts[2m > [22m[2mAI Integration Functions[2m > [22m[2mai-match function[2m > [22m[2mreturns formatted match analysis
[22m[39m[ai-match] Supabase credentials not configured - database features disabled

 [32m✓[39m netlify/functions/__tests__/ai-integration.test.ts [2m([22m[2m6 tests[22m[2m)[22m[33m 766[2mms[22m[39m
       [33m[2m✓[22m[39m validates input schema [33m 610[2mms[22m[39m
[90mstderr[2m | src/__tests__/JobMatch.test.jsx[2m > [22m[2mJobMatch[2m > [22m[2mrenders analysis results with Saudi styling
[22m[39mreact-i18next:: useTranslation: You will need to pass in an i18next instance by using initReactI18next { code: [32m'NO_I18NEXT_INSTANCE'[39m }

 [32m✓[39m src/__tests__/JobMatch.test.jsx [2m([22m[2m2 tests[22m[2m)[22m[33m 719[2mms[22m[39m
     [33m[2m✓[22m[39m renders analysis results with Saudi styling [33m 662[2mms[22m[39m
[90mstderr[2m | src/services/exportPdf.test.js[2m > [22m[2mexportPdf[2m > [22m[2mthrows in non-browser environments
[22m[39m[PDF Export] Failed: TypeError: printWindow.print is not a function
    at exportResumeToPdf (C:/Users/NoteBook Pc/Desktop/resume-customizer/src/services/exportPdf.js:807:17)
    at C:/Users/NoteBook Pc/Desktop/resume-customizer/src/services/exportPdf.test.js:115:9
    at C:/Users/NoteBook Pc/Desktop/resume-customizer/src/services/exportPdf.test.js:114:7
    at [90mfile:///C:/Users/NoteBook%20Pc/Desktop/resume-customizer/[39mnode_modules/[4m@vitest/runner[24m/dist/index.js:915:20

 [32m✓[39m src/services/exportPdf.test.js [2m([22m[2m7 tests[22m[2m)[22m[33m 699[2mms[22m[39m
     [33m[2m✓[22m[39m throws in non-browser environments [33m 638[2mms[22m[39m
[90mstdout[2m | netlify/functions/__tests__/parse-resume.test.ts[2m > [22m[2mparse-resume function[2m > [22m[2mtext parsing[2m > [22m[2mprocesses valid text input
[22m[39m=========== PARSE RESUME DEBUG ===========
[parse-resume] Extraction method: Standard PDF/DOCX parsing
[parse-resume] Raw text length: 26 characters
[parse-resume] Extraction quality: 7.2%
[parse-resume] Warnings: Text quality is low. Ensure you've pasted the complete resume content.
[parse-resume] First 200 chars: "John Doe
Software Engineer"
[parse-resume] Text preview (cleaned): "John Doe Software Engineer"
[parse-resume] Normalized plainText length: 26 characters
[parse-resume] Bullets extracted: 0
[parse-resume] Sections extracted: 0
==========================================

[90mstdout[2m | netlify/functions/__tests__/parse-resume.test.ts[2m > [22m[2mparse-resume function[2m > [22m[2mtext parsing[2m > [22m[2mwarns about low quality input
[22m[39m=========== PARSE RESUME DEBUG ===========
[parse-resume] Extraction method: Standard PDF/DOCX parsing
[parse-resume] Raw text length: 9 characters
[parse-resume] Extraction quality: 3.6%
[parse-resume] Warnings: Text quality is low. Ensure you've pasted the complete resume content.
[parse-resume] First 200 chars: "Too short"
[parse-resume] Text preview (cleaned): "Too short"
[parse-resume] Normalized plainText length: 9 characters
[parse-resume] Bullets extracted: 0
[parse-resume] Sections extracted: 0
==========================================

[90mstdout[2m | netlify/functions/__tests__/parse-resume.test.ts[2m > [22m[2mparse-resume function[2m > [22m[2mfile parsing[2m > [22m[2msuccessfully parses valid PDF file
[22m[39m=========== PARSE RESUME DEBUG ===========
[parse-resume] Extraction method: Standard PDF/DOCX parsing
[parse-resume] Raw text length: 88 characters
[parse-resume] Extraction quality: 9.1%
[parse-resume] Warnings: Text extraction quality is low. Consider uploading a text-based PDF or pasting content directly.
[parse-resume] First 200 chars: "Valid resume content with significant length and keywords like experience and education."
[parse-resume] Text preview (cleaned): "Valid resume content with significant length and keywords like experience and education."
[parse-resume] Normalized plainText length: 88 characters
[parse-resume] Bullets extracted: 0
[parse-resume] Sections extracted: 0
==========================================

[90mstdout[2m | netlify/functions/__tests__/parse-resume.test.ts[2m > [22m[2mparse-resume function[2m > [22m[2mOCR fallback[2m > [22m[2mattempts OCR when text extraction is low quality
[22m[39m[parse-resume] Low quality extraction detected, attempting OCR fallback

[90mstdout[2m | netlify/functions/__tests__/parse-resume.test.ts[2m > [22m[2mparse-resume function[2m > [22m[2mOCR fallback[2m > [22m[2mattempts OCR when text extraction is low quality
[22m[39m=========== PARSE RESUME DEBUG ===========
[parse-resume] Extraction method: DeepSeek OCR
[parse-resume] Raw text length: 45 characters
[parse-resume] Extraction quality: 5.8%
[parse-resume] Warnings: OCR was used due to poor standard extraction. Quality may vary.
[parse-resume] First 200 chars: "OCR Name


SUMMARY
Recovered summary from OCR"
[parse-resume] Text preview (cleaned): "OCR Name SUMMARY Recovered summary from OCR"
[parse-resume] Normalized plainText length: 44 characters
[parse-resume] Bullets extracted: 0
[parse-resume] Sections extracted: 0
==========================================

[90mstdout[2m | netlify/functions/__tests__/parse-resume.test.ts[2m > [22m[2mparse-resume function[2m > [22m[2mOCR fallback[2m > [22m[2mfalls back to original text if OCR fails
[22m[39m[parse-resume] Low quality extraction detected, attempting OCR fallback

[90mstderr[2m | netlify/functions/__tests__/parse-resume.test.ts[2m > [22m[2mparse-resume function[2m > [22m[2mOCR fallback[2m > [22m[2mfalls back to original text if OCR fails
[22m[39m[parse-resume] OCR fallback failed, using standard extraction: Error: DeepSeek OCR extraction failed: OCR Failed
    at extractWithDeepSeekOCR (C:/Users/NoteBook Pc/Desktop/resume-customizer/netlify/functions/parse-resume.ts:252:11)
[90m    at processTicksAndRejections (node:internal/process/task_queues:105:5)[39m
    at extractText (C:/Users/NoteBook Pc/Desktop/resume-customizer/netlify/functions/parse-resume.ts:450:27)
    at baseHandler (C:/Users/NoteBook Pc/Desktop/resume-customizer/netlify/functions/parse-resume.ts:554:30)
    at C:/Users/NoteBook Pc/Desktop/resume-customizer/netlify/functions/__tests__/parse-resume.test.ts:243:28
    at [90mfile:///C:/Users/NoteBook%20Pc/Desktop/resume-customizer/[39mnode_modules/[4m@vitest/runner[24m/dist/index.js:915:20

[90mstdout[2m | netlify/functions/__tests__/parse-resume.test.ts[2m > [22m[2mparse-resume function[2m > [22m[2mOCR fallback[2m > [22m[2mfalls back to original text if OCR fails
[22m[39m=========== PARSE RESUME DEBUG ===========
[parse-resume] Extraction method: Standard PDF/DOCX parsing
[parse-resume] Raw text length: 25 characters
[parse-resume] Extraction quality: 7.2%
[parse-resume] Warnings: Text extraction quality is low. Consider uploading a text-based PDF or pasting content directly.
[parse-resume] First 200 chars: "Garbled extraction result"
[parse-resume] Text preview (cleaned): "Garbled extraction result"
[parse-resume] Normalized plainText length: 25 characters
[parse-resume] Bullets extracted: 0
[parse-resume] Sections extracted: 0
==========================================

 [32m✓[39m netlify/functions/__tests__/parse-resume.test.ts [2m([22m[2m8 tests[22m[2m)[22m[32m 264[2mms[22m[39m
[90mstderr[2m | src/__tests__/ResumeUpload.test.jsx[2m > [22m[2mResumeUpload[2m > [22m[2muploads PDFs and shows a success toast
[22m[39m[Upload] Warning: No valid rawText to save. Value was: undefined [90mundefined[39m

 [32m✓[39m src/__tests__/ResumeUpload.test.jsx [2m([22m[2m3 tests[22m[2m)[22m[33m 652[2mms[22m[39m
     [33m[2m✓[22m[39m renders the Saudi-inspired upload card [33m 302[2mms[22m[39m
 [32m✓[39m src/lib/assets.test.ts [2m([22m[2m23 tests[22m[2m)[22m[32m 176[2mms[22m[39m
 [32m✓[39m src/__tests__/useAuth.test.jsx [2m([22m[2m1 test[22m[2m)[22m[32m 97[2mms[22m[39m
[90mstdout[2m | netlify/functions/__tests__/optimize.test.ts[2m > [22m[2moptimize function[2m > [22m[2mHTTP method validation[2m > [22m[2maccepts POST requests
[22m[39m[optimize] Gemini call took 0ms
[optimize] AI response summary: {
  hasGapAnalysis: [33mfalse[39m,
  gapAnalysisCount: [33m0[39m,
  hasCategoryScores: [33mfalse[39m,
  matchScore: [33m55[39m,
  hasProjectImprovements: [33mfalse[39m,
  projectImprovementsCount: [33m0[39m,
  hasCertificationRecs: [33mfalse[39m,
  certificationRecsCount: [33m0[39m
}
[optimize] Processing complete: { cardsGenerated: [33m1[39m, sections: [ [32m'General'[39m ] }

[90mstderr[2m | netlify/functions/__tests__/optimize.test.ts[2m > [22m[2moptimize function[2m > [22m[2mHTTP method validation[2m > [22m[2maccepts POST requests
[22m[39m[optimize] No cards generated, adding fallback guidance

[90mstderr[2m | netlify/functions/__tests__/optimize.test.ts[2m > [22m[2moptimize function[2m > [22m[2mrequest validation[2m > [22m[2mrejects malformed JSON with error
[22m[39mOptimization error: SyntaxError: Unexpected token 'o', "not json" is not valid JSON
    at JSON.parse (<anonymous>)
    at baseHandler (C:/Users/NoteBook Pc/Desktop/resume-customizer/netlify/functions/optimize.ts:45:26)
[90m    at processTicksAndRejections (node:internal/process/task_queues:105:5)[39m

[90mstdout[2m | netlify/functions/__tests__/optimize.test.ts[2m > [22m[2moptimize function[2m > [22m[2mcard generation[2m > [22m[2mgenerates headline card when suggested_headline exists
[22m[39m[optimize] Gemini call took 0ms
[optimize] AI response summary: {
  hasGapAnalysis: [33mfalse[39m,
  gapAnalysisCount: [33m0[39m,
  hasCategoryScores: [33mfalse[39m,
  matchScore: [33m65[39m,
  hasProjectImprovements: [33mfalse[39m,
  projectImprovementsCount: [33m0[39m,
  hasCertificationRecs: [33mfalse[39m,
  certificationRecsCount: [33m0[39m
}
[optimize] Processing complete: { cardsGenerated: [33m1[39m, sections: [ [32m'Headline'[39m ] }

[90mstdout[2m | netlify/functions/__tests__/optimize.test.ts[2m > [22m[2moptimize function[2m > [22m[2mcard generation[2m > [22m[2mgenerates summary card when summary_rewrite exists
[22m[39m[optimize] Gemini call took 0ms
[optimize] AI response summary: {
  hasGapAnalysis: [33mfalse[39m,
  gapAnalysisCount: [33m0[39m,
  hasCategoryScores: [33mfalse[39m,
  matchScore: [33m70[39m,
  hasProjectImprovements: [33mfalse[39m,
  projectImprovementsCount: [33m0[39m,
  hasCertificationRecs: [33mfalse[39m,
  certificationRecsCount: [33m0[39m
}
[optimize] Processing complete: { cardsGenerated: [33m1[39m, sections: [ [32m'Summary'[39m ] }

[90mstdout[2m | netlify/functions/__tests__/optimize.test.ts[2m > [22m[2moptimize function[2m > [22m[2mcard generation[2m > [22m[2mgenerates experience cards from bullet_point_improvements
[22m[39m[optimize] Gemini call took 0ms
[optimize] AI response summary: {
  hasGapAnalysis: [33mfalse[39m,
  gapAnalysisCount: [33m0[39m,
  hasCategoryScores: [33mfalse[39m,
  matchScore: [33m68[39m,
  hasProjectImprovements: [33mfalse[39m,
  projectImprovementsCount: [33m0[39m,
  hasCertificationRecs: [33mfalse[39m,
  certificationRecsCount: [33m0[39m
}
[optimize] Processing complete: { cardsGenerated: [33m1[39m, sections: [ [32m'Experience'[39m ] }

[90mstdout[2m | netlify/functions/__tests__/optimize.test.ts[2m > [22m[2moptimize function[2m > [22m[2mcard generation[2m > [22m[2mreturns empty cards array when no optimizations exist
[22m[39m[optimize] Gemini call took 0ms
[optimize] AI response summary: {
  hasGapAnalysis: [33mfalse[39m,
  gapAnalysisCount: [33m0[39m,
  hasCategoryScores: [33mfalse[39m,
  matchScore: [33m50[39m,
  hasProjectImprovements: [33mfalse[39m,
  projectImprovementsCount: [33m0[39m,
  hasCertificationRecs: [33mfalse[39m,
  certificationRecsCount: [33m0[39m
}
[optimize] Processing complete: { cardsGenerated: [33m1[39m, sections: [ [32m'General'[39m ] }

[90mstderr[2m | netlify/functions/__tests__/optimize.test.ts[2m > [22m[2moptimize function[2m > [22m[2mcard generation[2m > [22m[2mreturns empty cards array when no optimizations exist
[22m[39m[optimize] No cards generated, adding fallback guidance

[90mstderr[2m | netlify/functions/__tests__/optimize.test.ts[2m > [22m[2moptimize function[2m > [22m[2merror handling[2m > [22m[2mreturns 500 when AI service fails
[22m[39mOptimization error: Error: AI service unavailable
    at C:/Users/NoteBook Pc/Desktop/resume-customizer/netlify/functions/__tests__/optimize.test.ts:208:55
    at [90mfile:///C:/Users/NoteBook%20Pc/Desktop/resume-customizer/[39mnode_modules/[4m@vitest/runner[24m/dist/index.js:145:11
    at [90mfile:///C:/Users/NoteBook%20Pc/Desktop/resume-customizer/[39mnode_modules/[4m@vitest/runner[24m/dist/index.js:915:26
    at [90mfile:///C:/Users/NoteBook%20Pc/Desktop/resume-customizer/[39mnode_modules/[4m@vitest/runner[24m/dist/index.js:1243:20
    at new Promise (<anonymous>)
    at runWithTimeout [90m(file:///C:/Users/NoteBook%20Pc/Desktop/resume-customizer/[39mnode_modules/[4m@vitest/runner[24m/dist/index.js:1209:10[90m)[39m
    at [90mfile:///C:/Users/NoteBook%20Pc/Desktop/resume-customizer/[39mnode_modules/[4m@vitest/runner[24m/dist/index.js:1653:37
    at Traces.$ [90m(file:///C:/Users/NoteBook%20Pc/Desktop/resume-customizer/[39mnode_modules/[4mvitest[24m/dist/chunks/traces.CCmnQaNT.js:142:27[90m)[39m
    at trace [90m(file:///C:/Users/NoteBook%20Pc/Desktop/resume-customizer/[39mnode_modules/[4mvitest[24m/dist/chunks/test.B8ej_ZHS.js:239:21[90m)[39m
    at runTest [90m(file:///C:/Users/NoteBook%20Pc/Desktop/resume-customizer/[39mnode_modules/[4m@vitest/runner[24m/dist/index.js:1653:12[90m)[39m

 [32m✓[39m netlify/functions/__tests__/optimize.test.ts [2m([22m[2m11 tests[22m[2m)[22m[32m 78[2mms[22m[39m
 [32m✓[39m src/lib/utils/__tests__/vision2030Analyzer.test.ts [2m([22m[2m32 tests[22m[2m)[22m[32m 139[2mms[22m[39m
[90mstderr[2m | src/services/api.test.js[2m > [22m[2mparseResume[2m > [22m[2mthrows when parse fails
[22m[39mParse failed: Error: Parse failed
    at handleResponse (C:/Users/NoteBook Pc/Desktop/resume-customizer/src/services/api.js:49:19)
[90m    at processTicksAndRejections (node:internal/process/task_queues:105:5)[39m
    at Module.parseResume (C:/Users/NoteBook Pc/Desktop/resume-customizer/src/services/api.js:112:18)
    at C:/Users/NoteBook Pc/Desktop/resume-customizer/src/services/api.test.js:72:5
    at [90mfile:///C:/Users/NoteBook%20Pc/Desktop/resume-customizer/[39mnode_modules/[4m@vitest/runner[24m/dist/index.js:915:20

 [32m✓[39m src/services/api.test.js [2m([22m[2m4 tests[22m[2m)[22m[32m 73[2mms[22m[39m
[90mstderr[2m | netlify/functions/__tests__/extract-resume-json.test.ts[2m > [22m[2mextract-resume-json function[2m > [22m[2mreturns 500 if GEMINI_API_KEY is not set
[22m[39m[extract-resume-json] GEMINI_API_KEY is not set

[90mstdout[2m | netlify/functions/__tests__/extract-resume-json.test.ts[2m > [22m[2mextract-resume-json function[2m > [22m[2mhandles direct text input
[22m[39m[extract-resume-json] Received request. Method: POST
[extract-resume-json] Payload kind: text, Data length: N/A
[extract-resume-json] Calling parseResumeOnly with text...

[90mstdout[2m | netlify/functions/__tests__/extract-resume-json.test.ts[2m > [22m[2mextract-resume-json function[2m > [22m[2mhandles direct text input
[22m[39m[extract-resume-json] DEBUG: typeof analysis.plainText: undefined
[extract-resume-json] DEBUG: analysis.plainText preview: [90mundefined[39m
[extract-resume-json] DEBUG: typeof analysis.meta?.raw_text: string
[extract-resume-json] DEBUG: geminiPlainText length after safeStringify: [33m26[39m
[extract-resume-json] Final plainText length: 26 chars
[extract-resume-json] Source: pre-extracted-fallback

[90mstdout[2m | netlify/functions/__tests__/extract-resume-json.test.ts[2m > [22m[2mextract-resume-json function[2m > [22m[2mhandles file input with pre-extraction success
[22m[39m[extract-resume-json] Received request. Method: POST
[extract-resume-json] Payload kind: file, Data length: 12

[90mstdout[2m | netlify/functions/__tests__/extract-resume-json.test.ts[2m > [22m[2mextract-resume-json function[2m > [22m[2mhandles file input with pre-extraction success
[22m[39m[extract-resume-json] Pre-extracted text length: 17 chars
[extract-resume-json] Pre-extracted preview: "Valid PDF Content"
[extract-resume-json] Calling parseResumeOnly with PDF data (fallback)...

[90mstdout[2m | netlify/functions/__tests__/extract-resume-json.test.ts[2m > [22m[2mextract-resume-json function[2m > [22m[2mhandles file input with pre-extraction success
[22m[39m[extract-resume-json] parseResumeOnly returned success.
[extract-resume-json] DEBUG: typeof analysis.plainText: undefined
[extract-resume-json] DEBUG: analysis.plainText preview: [90mundefined[39m
[extract-resume-json] DEBUG: typeof analysis.meta?.raw_text: string
[extract-resume-json] DEBUG: geminiPlainText length after safeStringify: [33m17[39m
[extract-resume-json] Final plainText length: 17 chars
[extract-resume-json] Source: pre-extracted-fallback

[90mstdout[2m | netlify/functions/__tests__/extract-resume-json.test.ts[2m > [22m[2mextract-resume-json function[2m > [22m[2mfails gracefully when Gemini returns placeholder
[22m[39m[extract-resume-json] Received request. Method: POST
[extract-resume-json] Payload kind: file, Data length: 12

[90mstdout[2m | netlify/functions/__tests__/extract-resume-json.test.ts[2m > [22m[2mextract-resume-json function[2m > [22m[2mfails gracefully when Gemini returns placeholder
[22m[39m[extract-resume-json] Pre-extracted text length: 0 chars
[extract-resume-json] Calling parseResumeOnly with PDF data (fallback)...

[90mstderr[2m | netlify/functions/__tests__/extract-resume-json.test.ts[2m > [22m[2mextract-resume-json function[2m > [22m[2mfails gracefully when Gemini returns placeholder
[22m[39m[extract-resume-json] ⚠️ Gemini returned placeholder response: "Please provide the resume text"
[extract-resume-json] ❌ Both PDF extraction methods failed
[extract-resume-json] Pre-extracted: 0 chars
[extract-resume-json] Gemini: 30 chars (placeholder: true)

[90mstdout[2m | netlify/functions/__tests__/extract-resume-json.test.ts[2m > [22m[2mextract-resume-json function[2m > [22m[2mfails gracefully when Gemini returns placeholder
[22m[39m[extract-resume-json] parseResumeOnly returned success.
[extract-resume-json] DEBUG: typeof analysis.plainText: string
[extract-resume-json] DEBUG: analysis.plainText preview: Please provide the resume text
[extract-resume-json] DEBUG: typeof analysis.meta?.raw_text: string
[extract-resume-json] DEBUG: geminiPlainText length after safeStringify: [33m30[39m

[90mstdout[2m | netlify/functions/__tests__/extract-resume-json.test.ts[2m > [22m[2mextract-resume-json function[2m > [22m[2mhandles Gemini API errors
[22m[39m[extract-resume-json] Received request. Method: POST
[extract-resume-json] Payload kind: text, Data length: N/A
[extract-resume-json] Calling parseResumeOnly with text...

[90mstderr[2m | netlify/functions/__tests__/extract-resume-json.test.ts[2m > [22m[2mextract-resume-json function[2m > [22m[2mhandles Gemini API errors
[22m[39m[extract-resume-json] Parse error: rate limit exceeded Error: rate limit exceeded
    at C:/Users/NoteBook Pc/Desktop/resume-customizer/netlify/functions/__tests__/extract-resume-json.test.ts:126:60
    at [90mfile:///C:/Users/NoteBook%20Pc/Desktop/resume-customizer/[39mnode_modules/[4m@vitest/runner[24m/dist/index.js:145:11
    at [90mfile:///C:/Users/NoteBook%20Pc/Desktop/resume-customizer/[39mnode_modules/[4m@vitest/runner[24m/dist/index.js:915:26
    at [90mfile:///C:/Users/NoteBook%20Pc/Desktop/resume-customizer/[39mnode_modules/[4m@vitest/runner[24m/dist/index.js:1243:20
    at new Promise (<anonymous>)
    at runWithTimeout [90m(file:///C:/Users/NoteBook%20Pc/Desktop/resume-customizer/[39mnode_modules/[4m@vitest/runner[24m/dist/index.js:1209:10[90m)[39m
    at [90mfile:///C:/Users/NoteBook%20Pc/Desktop/resume-customizer/[39mnode_modules/[4m@vitest/runner[24m/dist/index.js:1653:37
    at Traces.$ [90m(file:///C:/Users/NoteBook%20Pc/Desktop/resume-customizer/[39mnode_modules/[4mvitest[24m/dist/chunks/traces.CCmnQaNT.js:142:27[90m)[39m
    at trace [90m(file:///C:/Users/NoteBook%20Pc/Desktop/resume-customizer/[39mnode_modules/[4mvitest[24m/dist/chunks/test.B8ej_ZHS.js:239:21[90m)[39m
    at runTest [90m(file:///C:/Users/NoteBook%20Pc/Desktop/resume-customizer/[39mnode_modules/[4m@vitest/runner[24m/dist/index.js:1653:12[90m)[39m

 [32m✓[39m netlify/functions/__tests__/extract-resume-json.test.ts [2m([22m[2m6 tests[22m[2m)[22m[32m 54[2mms[22m[39m
 [32m✓[39m src/__tests__/supabase.test.js [2m([22m[2m13 tests[22m[2m)[22m[32m 65[2mms[22m[39m
[90mstderr[2m | src/lib/utils/__tests__/resumeUtils.test.ts[2m > [22m[2mresumeUtils[2m > [22m[2mmergeResumeData[2m > [22m[2mreturns null for null input
[22m[39m[mergeResumeData] No original data provided

[90mstdout[2m | src/lib/utils/__tests__/resumeUtils.test.ts[2m > [22m[2mresumeUtils[2m > [22m[2mmergeResumeData[2m > [22m[2mskills gap analysis[2m > [22m[2mdoes NOT auto-inject missing keywords (recommend only policy)
[22m[39m[mergeResumeData] Recommended skills (not added): [ [32m'React'[39m, [32m'TypeScript'[39m, [32m'AWS'[39m ]

[90mstdout[2m | src/lib/utils/__tests__/resumeUtils.test.ts[2m > [22m[2mresumeUtils[2m > [22m[2mmergeResumeData[2m > [22m[2mskills gap analysis[2m > [22m[2mdoes NOT create Recommended Skills category
[22m[39m[mergeResumeData] Recommended skills (not added): [ [32m'NewSkill'[39m ]

 [32m✓[39m src/lib/utils/__tests__/resumeUtils.test.ts [2m([22m[2m20 tests[22m[2m)[22m[32m 39[2mms[22m[39m
 [32m✓[39m netlify/functions/__tests__/resume-schemas.test.ts [2m([22m[2m16 tests[22m[2m)[22m[32m 57[2mms[22m[39m
 [32m✓[39m src/__tests__/resumeText.test.js [2m([22m[2m6 tests[22m[2m)[22m[32m 44[2mms[22m[39m
 [32m✓[39m src/lib/utils/__tests__/textMatcher.test.ts [2m([22m[2m32 tests[22m[2m)[22m[32m 37[2mms[22m[39m
 [32m✓[39m src/lib/utils/__tests__/normalize-resume.test.ts [2m([22m[2m19 tests[22m[2m)[22m[32m 44[2mms[22m[39m
 [32m✓[39m src/__tests__/matchScore.fixture.test.js [2m([22m[2m7 tests[22m[2m)[22m[32m 38[2mms[22m[39m
 [32m✓[39m src/__tests__/smoke.test.jsx [2m([22m[2m1 test[22m[2m)[22m[32m 10[2mms[22m[39m
 [32m✓[39m src/lib/stores/resumeStore.test.ts [2m([22m[2m4 tests[22m[2m)[22m[32m 15[2mms[22m[39m

[31m⎯⎯⎯⎯⎯⎯⎯[39m[1m[41m Failed Tests 1 [49m[22m[31m⎯⎯⎯⎯⎯⎯⎯[39m

[41m[1m FAIL [22m[49m src/__tests__/MainContent.test.jsx[2m > [22mMainContent resume parsing[2m > [22mpersists resume data with minor control characters (relaxed validation)
[31m[1mAssertionError[22m: expected { plainText: 'Parsed resume', …(3) } to deeply equal { …(2) }[39m

[32m- Expected[39m
[31m+ Received[39m

[2m  {[22m
[32m-   "plainText": "Resume with 	 tab and [39m
[32m-  newline and maybe one   null byte",[39m
[31m+   "bullets": [],[39m
[31m+   "fileName": "Pasted Text",[39m
[31m+   "plainText": "Parsed resume",[39m
[2m    "sections": [],[22m
[2m  }[22m

[36m [2m❯[22m src/__tests__/MainContent.test.jsx:[2m183:58[22m[39m
    [90m181| [39m    [34mexpect[39m(removeItemSpy)[33m.[39mnot[33m.[39m[34mtoHaveBeenCalledWith[39m([32m"airo:resumeData"[39m)[33m;[39m
    [90m182| [39m    // Verify that the data was loaded into the component (by checking…
    [90m183| [39m    expect(resumeUploadMockProps.current.resumeDocument).toEqual(resum…
    [90m   | [39m                                                         [31m^[39m
    [90m184| [39m
    [90m185| [39m    removeItemSpy[33m.[39m[34mmockRestore[39m()[33m;[39m

[31m[2m⎯⎯⎯⎯⎯⎯⎯⎯⎯⎯⎯⎯⎯⎯⎯⎯⎯⎯⎯⎯⎯⎯⎯⎯[1/1]⎯[22m[39m


[2m Test Files [22m [1m[31m1 failed[39m[22m[2m | [22m[1m[32m22 passed[39m[22m[90m (23)[39m
[2m      Tests [22m [1m[31m1 failed[39m[22m[2m | [22m[1m[32m282 passed[39m[22m[90m (283)[39m
[2m   Start at [22m 21:28:15
[2m   Duration [22m 50.31s[2m (transform 8.88s, setup 16.36s, import 19.48s, tests 14.95s, environment 70.05s)[22m

